// Jest Snapshot v1, https://goo.gl/fbAQLP

exports[`renders correctly 1`] = `
<View>
  <Image
    onLoad={[Function]}
    source={
      Object {
        "uri": "https://i.imgur.com/AkRbORU.jpg",
      }
    }
    style={
      Object {
        "height": 300,
        "opacity": 0,
        "width": 300,
      }
    }
  />
</View>
`;
