// Jest Snapshot v1, https://goo.gl/fbAQLP

exports[`renders correctly 1`] = `
<View>
  <Image
    onLoad={[Function]}
    source={
      Object {
        "uri": "https://i.imgur.com/AkRbORU.jpg",
      }
    }
    style={
      Object {
        "height": 300,
        "opacity": 0,
        "width": 300,
      }
    }
  />
  <View
    style={
      Object {
        "opacity": 1,
        "position": "absolute",
        "zIndex": -1000,
      }
    }
  >
    <View>
      <RNSVGSvgView
        bbHeight="300"
        bbWidth="300"
        height={300}
        style={
          Array [
            Object {
              "backgroundColor": "transparent",
              "borderWidth": 0,
            },
            undefined,
            false,
            Object {
              "flex": 0,
              "height": 300,
              "width": 300,
            },
          ]
        }
        width={300}
      >
        <RNSVGGroup
          fill={
            Array [
              0,
              0,
              0,
              0,
              1,
            ]
          }
          fillOpacity={1}
          fillRule={1}
          font={Object {}}
          matrix={
            Array [
              1,
              0,
              0,
              1,
              0,
              0,
            ]
          }
          opacity={1}
          originX={0}
          originY={0}
          propList={Array []}
          rotation={0}
          scaleX={1}
          scaleY={1}
          skewX={0}
          skewY={0}
          stroke={null}
          strokeDasharray={null}
          strokeDashoffset={null}
          strokeLinecap={0}
          strokeLinejoin={0}
          strokeMiterlimit={4}
          strokeOpacity={1}
          strokeWidth="1"
          x={0}
          y={0}
        >
          <RNSVGDefs>
            <RNSVGLinearGradient
              gradient={
                Array [
                  0.9294117647058824,
                  0.9294117647058824,
                  0.9294117647058824,
                  1,
                  0,
                ]
              }
              gradientTransform={
                Array [
                  1,
                  0,
                  0,
                  1,
                  0,
                  0,
                ]
              }
              gradientUnits={0}
              name="grad"
              x1="0"
              x2="100%"
              y1="0"
              y2="0"
            />
            <RNSVGClipPath
              name="clip"
            >
              <RNSVGGroup
                fill={
                  Array [
                    0,
                    0,
                    0,
                    0,
                    1,
                  ]
                }
                fillOpacity={1}
                fillRule={1}
                font={Object {}}
                matrix={
                  Array [
                    1,
                    0,
                    0,
                    1,
                    0,
                    0,
                  ]
                }
                opacity={1}
                originX={0}
                originY={0}
                propList={Array []}
                rotation={0}
                scaleX={1}
                scaleY={1}
                skewX={0}
                skewY={0}
                stroke={null}
                strokeDasharray={null}
                strokeDashoffset={null}
                strokeLinecap={0}
                strokeLinejoin={0}
                strokeMiterlimit={4}
                strokeOpacity={1}
                strokeWidth="1"
                x={0}
                y={0}
              >
                <RNSVGRect
                  fill={
                    Array [
                      0,
                      0,
                      0,
                      0,
                      1,
                    ]
                  }
                  fillOpacity={1}
                  fillRule={1}
                  height={300}
                  matrix={
                    Array [
                      1,
                      0,
                      0,
                      1,
                      0,
                      0,
                    ]
                  }
                  opacity={1}
                  originX={0}
                  originY={0}
                  propList={Array []}
                  rotation={0}
                  rx="0"
                  ry="0"
                  scaleX={1}
                  scaleY={1}
                  skewX={0}
                  skewY={0}
                  stroke={null}
                  strokeDasharray={null}
                  strokeDashoffset={null}
                  strokeLinecap={0}
                  strokeLinejoin={0}
                  strokeMiterlimit={4}
                  strokeOpacity={1}
                  strokeWidth="1"
                  width={300}
                  x="0"
                  y="0"
                />
              </RNSVGGroup>
            </RNSVGClipPath>
          </RNSVGDefs>
          <RNSVGRect
            clipPath="clip"
            fill={
              Array [
                1,
                "grad",
              ]
            }
            fillOpacity={1}
            fillRule={1}
            height={300}
            matrix={
              Array [
                1,
                0,
                0,
                1,
                0,
                0,
              ]
            }
            opacity={1}
            originX={0}
            originY={0}
            propList={
              Array [
                "fill",
              ]
            }
            rotation={0}
            rx={0}
            ry={0}
            scaleX={1}
            scaleY={1}
            skewX={0}
            skewY={0}
            stroke={null}
            strokeDasharray={null}
            strokeDashoffset={null}
            strokeLinecap={0}
            strokeLinejoin={0}
            strokeMiterlimit={4}
            strokeOpacity={1}
            strokeWidth="1"
            width={300}
            x="0"
            y="0"
          />
        </RNSVGGroup>
      </RNSVGSvgView>
    </View>
  </View>
</View>
`;
