// Jest Snapshot v1, https://goo.gl/fbAQLP

exports[`renders correctly 1`] = `
<View
  style={
    Object {
      "flexDirection": "row",
    }
  }
>
  <View
    style={
      Object {
        "flexDirection": "row",
        "paddingLeft": 5,
      }
    }
  >
    <View
      accessible={true}
      isTVSelectable={true}
      onResponderGrant={[Function]}
      onResponderMove={[Function]}
      onResponderRelease={[Function]}
      onResponderTerminate={[Function]}
      onResponderTerminationRequest={[Function]}
      onStartShouldSetResponder={[Function]}
      style={
        Object {
          "backgroundColor": "transparent",
          "opacity": 1,
        }
      }
    >
      <Text />
    </View>
    <View
      style={
        Object {
          "justifyContent": "center",
          "paddingLeft": 5,
        }
      }
    >
      <Text
        style={
          Object {
            "color": "#eeffaa",
            "fontSize": 42,
          }
        }
      >
        1200
      </Text>
    </View>
  </View>
  <View
    style={
      Object {
        "flexDirection": "row",
        "paddingLeft": 10,
      }
    }
  >
    <View
      accessible={true}
      isTVSelectable={true}
      onResponderGrant={[Function]}
      onResponderMove={[Function]}
      onResponderRelease={[Function]}
      onResponderTerminate={[Function]}
      onResponderTerminationRequest={[Function]}
      onStartShouldSetResponder={[Function]}
      style={
        Object {
          "backgroundColor": "transparent",
          "opacity": 1,
        }
      }
    >
      <Text />
    </View>
    <View
      style={
        Object {
          "justifyContent": "center",
          "paddingLeft": 5,
        }
      }
    >
      <Text
        style={
          Object {
            "color": "#eeffaa",
            "fontSize": 42,
          }
        }
      >
        200
      </Text>
    </View>
  </View>
  <View
    style={
      Object {
        "flexDirection": "row",
        "paddingLeft": 10,
        "paddingRight": 5,
      }
    }
  >
    <View
      style={
        Object {
          "justifyContent": "center",
        }
      }
    >
      <View
        accessible={true}
        isTVSelectable={true}
        onResponderGrant={[Function]}
        onResponderMove={[Function]}
        onResponderRelease={[Function]}
        onResponderTerminate={[Function]}
        onResponderTerminationRequest={[Function]}
        onStartShouldSetResponder={[Function]}
        style={
          Object {
            "backgroundColor": "transparent",
            "opacity": 1,
          }
        }
      >
        <Text />
      </View>
    </View>
    <View
      style={
        Object {
          "justifyContent": "center",
          "paddingLeft": 6,
        }
      }
    >
      <Text
        style={
          Object {
            "color": "#eeffaa",
            "fontSize": 42,
          }
        }
      >
        22222200
      </Text>
    </View>
  </View>
</View>
`;
