// Jest Snapshot v1, https://goo.gl/fbAQLP

exports[`renders correctly focused 1`] = `
<View
  style={
    Object {
      "paddingTop": 10,
    }
  }
>
  <Text />
</View>
`;

exports[`renders correctly not focused 1`] = `
<View
  style={
    Object {
      "paddingTop": 10,
    }
  }
>
  <Text />
</View>
`;
