// Jest Snapshot v1, https://goo.gl/fbAQLP

exports[`Favorites snapshot renders the screen 1`] = `
<View
  style={
    Object {
      "backgroundColor": "#fff",
      "flex": 1,
    }
  }
>
  <View
    style={
      Object {
        "backgroundColor": "#ededed",
        "flex": 1,
        "justifyContent": "flex-start",
      }
    }
  >
    <View />
    <View
      style={
        Object {
          "height": 1334,
          "paddingBottom": 50,
        }
      }
    >
      <View
        style={
          Object {
            "flex": 1,
          }
        }
      />
    </View>
  </View>
</View>
`;
